[pmap] 1/64 chunks  0s elapsed  ETA --
[pmap] 64/64 chunks  0s elapsed  ETA --
pure28: 23355 rows  sha=827079728c051bfe  0s -> QLR_H_pure28.npy
gf2_sampler: 1000000/50000000
gf2_sampler: 2000000/50000000
gf2_sampler: 3000000/50000000
gf2_sampler: 4000000/50000000
gf2_sampler: 5000000/50000000
gf2_sampler: 6000000/50000000
gf2_sampler: 7000000/50000000
gf2_sampler: 8000000/50000000
gf2_sampler: 9000000/50000000
gf2_sampler: 10000000/50000000
gf2_sampler: 11000000/50000000
gf2_sampler: 12000000/50000000
gf2_sampler: 13000000/50000000
gf2_sampler: 14000000/50000000
gf2_sampler: 15000000/50000000
gf2_sampler: 16000000/50000000
gf2_sampler: 17000000/50000000
gf2_sampler: 18000000/50000000
gf2_sampler: 19000000/50000000
gf2_sampler: 20000000/50000000
gf2_sampler: 21000000/50000000
gf2_sampler: 22000000/50000000
gf2_sampler: 23000000/50000000
gf2_sampler: 24000000/50000000
gf2_sampler: 25000000/50000000
gf2_sampler: 26000000/50000000
gf2_sampler: 27000000/50000000
gf2_sampler: 28000000/50000000
gf2_sampler: 29000000/50000000
gf2_sampler: 30000000/50000000
gf2_sampler: 31000000/50000000
gf2_sampler: 32000000/50000000
gf2_sampler: 33000000/50000000
gf2_sampler: 34000000/50000000
gf2_sampler: 35000000/50000000
gf2_sampler: 36000000/50000000
gf2_sampler: 37000000/50000000
gf2_sampler: 38000000/50000000
gf2_sampler: 39000000/50000000
gf2_sampler: 40000000/50000000
gf2_sampler: 41000000/50000000
gf2_sampler: 42000000/50000000
gf2_sampler: 43000000/50000000
gf2_sampler: 44000000/50000000
gf2_sampler: 45000000/50000000
gf2_sampler: 46000000/50000000
gf2_sampler: 47000000/50000000
gf2_sampler: 48000000/50000000
gf2_sampler: 49000000/50000000
gf2_sampler: 50000000/50000000
fp_cutrank: 1048576/14348907 (7%)
fp_cutrank: 2097152/14348907 (15%)
fp_cutrank: 3145728/14348907 (22%)
fp_cutrank: 4194304/14348907 (29%)
fp_cutrank: 5242880/14348907 (37%)
fp_cutrank: 6291456/14348907 (44%)
fp_cutrank: 7340032/14348907 (51%)
fp_cutrank: 8388608/14348907 (58%)
fp_cutrank: 9437184/14348907 (66%)
fp_cutrank: 10485760/14348907 (73%)
fp_cutrank: 11534336/14348907 (80%)
fp_cutrank: 12582912/14348907 (88%)
fp_cutrank: 13631488/14348907 (95%)
[B] 12v GF(2): 1130413 unique, 1130413 beyond the 760, pure violations 0 (must be 0)
[A] F_3 qutrit (CONDITIONAL layer, see README): 1130 unique, 370 beyond the 760, pure violations 0
