t = 2: 8 qudits, 7 visible parties + purifier; Lemma 4: LA [char | t], LB [char not | t]; Pena-Sarria Example 6: (a) [char | t], (b) [char not | t]
  GF(2): weights True, identically self-dual True, h_S == 2r True, contraction == configuration True; on the configuration LA 0, LB -1 [(a) 0, (b) -1]; pulled back on the state LA 0, LB -2 [(a) 0, (b) -2]
  GF(3): weights True, identically self-dual True, h_S == 2r True, contraction == configuration True; on the configuration LA -1, LB 0 [(a) -1, (b) 0]; pulled back on the state LA -2, LB 0 [(a) -2, (b) 0]
  GF(5): weights True, identically self-dual True, h_S == 2r True, contraction == configuration True; on the configuration LA -1, LB 0 [(a) -1, (b) 0]; pulled back on the state LA -2, LB 0 [(a) -2, (b) 0]
  states over GF(2) and GF(3) differ in 1 of 127 coordinates
  states over GF(2) and GF(5) differ in 1 of 127 coordinates
  states over GF(3) and GF(5) differ in 0 of 127 coordinates
  valid LA on all 2097152 {0,1}-point configurations of GF(2)^3: min 0
  valid (a) on all 2097152 {0,1}-point configurations of GF(2)^3: min 0
  (sensitivity) wrong-characteristic LB on the same kind of configurations: min -1
  (sensitivity) wrong-characteristic (b) on the same kind of configurations: min -1
  valid LB on all 2097152 {0,1}-point configurations of GF(3)^3: min 0
  valid (b) on all 2097152 {0,1}-point configurations of GF(3)^3: min 0
  (sensitivity) wrong-characteristic LA on the same kind of configurations: min -1
  (sensitivity) wrong-characteristic (a) on the same kind of configurations: min -1
  valid LB on all 2097152 {0,1}-point configurations of GF(5)^3: min 0
  valid (b) on all 2097152 {0,1}-point configurations of GF(5)^3: min 0
  (sensitivity) wrong-characteristic LA on the same kind of configurations: min -1
  (sensitivity) wrong-characteristic (a) on the same kind of configurations: min -1
(19s)
exit 0
